{
  "ledger": {
    "tenant": [
      249,
      56,
      87,
      101,
      51,
      37,
      64,
      241,
      215,
      100,
      93,
      0,
      21,
      249,
      55,
      113
    ],
    "session": [
      67,
      167,
      4,
      9,
      242,
      201,
      4,
      98,
      210,
      152,
      132,
      148,
      78,
      132,
      243,
      61
    ]
  },
  "claim": [
    148,
    58,
    153,
    32,
    20,
    195,
    40,
    116,
    224,
    255,
    168,
    86,
    202,
    248,
    170,
    174
  ],
  "status": 8,
  "sequence": 13,
  "artifact": {
    "domain": [
      249,
      56,
      87,
      101,
      51,
      37,
      64,
      241,
      215,
      100,
      93,
      0,
      21,
      249,
      55,
      113
    ],
    "root": [
      101,
      206,
      0,
      30,
      159,
      64,
      12,
      175,
      106,
      189,
      195,
      142,
      195,
      11,
      217,
      234,
      44,
      169,
      84,
      1,
      238,
      34,
      119,
      142,
      13,
      26,
      12,
      185,
      200,
      138,
      185,
      173
    ],
    "length": 35,
    "class": 2
  },
  "validation": 1,
  "history": [
    {
      "status": 1,
      "sequence": 4
    },
    {
      "status": 2,
      "sequence": 5
    },
    {
      "status": 3,
      "sequence": 6
    },
    {
      "status": 5,
      "sequence": 9
    },
    {
      "status": 6,
      "sequence": 10
    },
    {
      "status": 7,
      "sequence": 11
    },
    {
      "status": 8,
      "sequence": 13
    }
  ]
}
